// Jest Snapshot v1, https://goo.gl/fbAQLP

exports[`<VideoPlayer /> should render correctly 1`] = `
<VideoPlayer
  classes={
    Object {
      "greyFont": "VideoPlayer-greyFont-8",
      "headerLeft": "VideoPlayer-headerLeft-3",
      "headerRight": "VideoPlayer-headerRight-2",
      "iconButton": "VideoPlayer-iconButton-5",
      "root": "VideoPlayer-root-1",
      "videoBg": "VideoPlayer-videoBg-4",
      "videoTitle": "VideoPlayer-videoTitle-6",
      "whiteFont": "VideoPlayer-whiteFont-7",
    }
  }
  containerStyle={Object {}}
  controls={true}
  ended={false}
  handleVideoEnded={[Function]}
  pause={false}
  play={false}
  poster=""
  time={0}
  vol={0.5}
/>
`;
